Loaded: /if14/ww6r/WorkingDisk/TA/compiler/exceptions/exceptions.s
{
 lower left = [10, 10]
 upper right = [15, 38]
}
