Loaded: /if14/ww6r/WorkingDisk/TA/compiler/exceptions/exceptions.s
510
true20
510
hello3
