Loaded: /if14/ww6r/WorkingDisk/TA/compiler/exceptions/exceptions.s
[3, 5]
[5, 6]
[3, 5]
[5, 6]
35falsetrue