Loaded: /if14/ww6r/WorkingDisk/TA/compiler/exceptions/exceptions.s

This program computes Fibonacci numbers (slowly.. but correctly!)

Enter the fibonacci number you want: (-1 to quit) Fib(5) = 5

Enter the fibonacci number you want: (-1 to quit) Fib(10) = 55

Enter the fibonacci number you want: (-1 to quit) Fib(18) = 2584

Enter the fibonacci number you want: (-1 to quit) Goodbye!
