Loaded: /if14/ww6r/WorkingDisk/TA/compiler/exceptions/exceptions.s
108642after 0done5