Loaded: /if14/ww6r/WorkingDisk/TA/compiler/exceptions/exceptions.s
108642done
0