Loaded: /if14/ww6r/WorkingDisk/TA/compiler/exceptions/exceptions.s
0 ok
1 ok
2 ok
3done