Loaded: /if14/ww6r/WorkingDisk/TA/compiler/exceptions/exceptions.s
22
23
24
32
33
34
35
42
43
44
45
done52