Loaded: /if14/ww6r/WorkingDisk/TA/compiler/exceptions/exceptions.s
1234true and 216