Loaded: /if14/ww6r/WorkingDisk/TA/compiler/exceptions/exceptions.s
Cow2Cownum1 = 24
Cow2Jerseynum1 = 33
Cow2Jerseynum1 = 33
Jersey3Cow2Jerseynum1 = 33
Jerseynum1 = 33
Jerseynum1 = 33
