Loaded: /if14/ww6r/WorkingDisk/TA/compiler/exceptions/exceptions.s
Not overridden
AnimalNot overridden
CowNot overridden
Jersey