Loaded: /if14/ww6r/WorkingDisk/TA/compiler/exceptions/exceptions.s
Cow2CowCow2JerseyJersey3Cow2JerseyHello from Jersey.