Loaded: /if14/ww6r/WorkingDisk/TA/compiler/exceptions/exceptions.s
102028-9102025