Loaded: /if14/ww6r/WorkingDisk/TA/compiler/exceptions/exceptions.s
CS143 rocks!
hello world
-234
100
