Loaded: /if14/ww6r/WorkingDisk/TA/compiler/exceptions/exceptions.s
257193201-5falsetruefalse