Loaded: /if14/ww6r/WorkingDisk/TA/compiler/exceptions/exceptions.s
29205023falsetrue