Loaded: /if14/ww6r/WorkingDisk/TA/compiler/exceptions/exceptions.s
0 1 2 3 
4 5 6 7 8 9 0 1 2 3 4 5 6 7 8 9 Queue Is Empty0 
