Loaded: /if14/ww6r/WorkingDisk/TA/compiler/exceptions/exceptions.s
Decaf runtime error: Array size is <= 0
