Loaded: /if14/ww6r/WorkingDisk/TA/compiler/exceptions/exceptions.s
4 4 7 3 1