Loaded: /if14/ww6r/WorkingDisk/TA/compiler/exceptions/exceptions.s
<empty>
 0  5  10 
 0  3  4  5  6  8  10  10  17 
