Loaded: /if14/ww6r/WorkingDisk/TA/compiler/exceptions/exceptions.s
232389205
46432
true
hello
205
46432